npm notice run platpulse-web@0.1.0 build
npm notice run tsc --noEmit && vite build
vite v8.2.1 building client environment for production...
[2Ktransforming...✓ 2699 modules transformed.
rendering chunks...
computing gzip size...
dist/index.html                                           0.88 kB │ gzip:   0.50 kB
dist/assets/platpulse-mark-C_wFrxrJ.png                  58.02 kB
dist/assets/index-C-Ocw_Wl.css                           78.86 kB │ gzip:  13.90 kB
dist/assets/createSeriesData-u4gj0zaG.js                  3.12 kB │ gzip:   1.28 kB
dist/assets/core-DZRu1peY.js                              4.77 kB │ gzip:   2.21 kB
dist/assets/renderers-KT9VPZGW.js                        33.72 kB │ gzip:  13.08 kB
dist/assets/customGraphicKeyframeAnimation-VV3XExxW.js  144.22 kB │ gzip:  49.49 kB
dist/assets/graphic-BbxHKQAk.js                         148.59 kB │ gzip:  49.86 kB
dist/assets/parseGeoJson-Do2nEIzl.js                    244.67 kB │ gzip:  84.53 kB
dist/assets/charts-hoW1Oh0K.js                          258.97 kB │ gzip:  84.70 kB
dist/assets/components-rstx0aYX.js                      259.03 kB │ gzip:  82.88 kB
dist/assets/index-CSn2fNpQ.js                           706.83 kB │ gzip: 197.02 kB

[plugin builtin:vite-reporter] 
(!) Some chunks are larger than 500 kB after minification. Consider:
- Using dynamic import() to code-split the application
- Use build.rolldownOptions.output.codeSplitting to improve chunking: https://rolldown.rs/reference/OutputOptions.codeSplitting
- Adjust chunk size limit for this warning via build.chunkSizeWarningLimit.
✓ built in 543ms
